// Vitest Snapshot v1, https://vitest.dev/guide/snapshot.html

exports[`entry file content > matches the snapshots 1`] = `
{
  "families": "---
vocab-tracker: entry
vocab-tracker-id: families
---
# 字族樹

\`\`\`vocab-families
\`\`\`
",
  "flashcards": "---
vocab-tracker: entry
vocab-tracker-id: flashcards
---
# 單字卡

\`\`\`vocab-flashcards
\`\`\`
",
  "trivia": "---
vocab-tracker: entry
vocab-tracker-id: trivia
---
# 冷知識

\`\`\`vocab-trivia
favorites: off
\`\`\`

%% vt:begin trivia-favorites %%
## 收藏

*還沒有收藏。*
%% vt:end trivia-favorites %%
",
  "verbs": "---
vocab-tracker: entry
vocab-tracker-id: verbs
---
# 動詞用法

\`\`\`vocab-verbs
\`\`\`
",
}
`;
