// Vitest Snapshot v1, https://vitest.dev/guide/snapshot.html

exports[`entry file content > matches the snapshots 1`] = `
{
  "dna": "---
vocab-tracker: entry
vocab-tracker-id: dna
---
\`\`\`vocab-dna
\`\`\`
",
  "families": "---
vocab-tracker: entry
vocab-tracker-id: families
---
\`\`\`vocab-families
\`\`\`
",
  "flashcards": "---
vocab-tracker: entry
vocab-tracker-id: flashcards
---
\`\`\`vocab-flashcards
\`\`\`
",
  "trivia": "---
vocab-tracker: entry
vocab-tracker-id: trivia
---
\`\`\`vocab-trivia
favorites: off
\`\`\`

%% vt:begin trivia-favorites %%
## 收藏

*還沒有收藏。*
%% vt:end trivia-favorites %%
",
  "verbs": "---
vocab-tracker: entry
vocab-tracker-id: verbs
---
\`\`\`vocab-verbs
\`\`\`
",
}
`;
